Analysis & Synthesis report for VSCPU
Tue Nov 23 18:15:13 2021
Quartus Prime Version 18.1.1 Build 646 04/11/2019 SJ Lite Edition


---------------------
; Table of Contents ;
---------------------
  1. Legal Notice
  2. Analysis & Synthesis Summary
  3. Analysis & Synthesis Settings
  4. Parallel Compilation
  5. Analysis & Synthesis Source Files Read
  6. Analysis & Synthesis Resource Usage Summary
  7. Analysis & Synthesis Resource Utilization by Entity
  8. State Machine - |VSCPU|stvar_ff
  9. General Register Statistics
 10. Multiplexer Restructuring Statistics (Restructuring Performed)
 11. Parameter Settings for User Entity Instance: Top-level Entity: |VSCPU
 12. Post-Synthesis Netlist Statistics for Top Partition
 13. Elapsed Time Per Partition
 14. Analysis & Synthesis Messages



----------------
; Legal Notice ;
----------------
Copyright (C) 2019  Intel Corporation. All rights reserved.
Your use of Intel Corporation's design tools, logic functions 
and other software and tools, and any partner logic 
functions, and any output files from any of the foregoing 
(including device programming or simulation files), and any 
associated documentation or information are expressly subject 
to the terms and conditions of the Intel Program License 
Subscription Agreement, the Intel Quartus Prime License Agreement,
the Intel FPGA IP License Agreement, or other applicable license
agreement, including, without limitation, that your use is for
the sole purpose of programming logic devices manufactured by
Intel and sold by Intel or its authorized distributors.  Please
refer to the applicable agreement for further details, at
https://fpgasoftware.intel.com/eula.



+-------------------------------------------------------------------------------+
; Analysis & Synthesis Summary                                                  ;
+---------------------------------+---------------------------------------------+
; Analysis & Synthesis Status     ; Successful - Tue Nov 23 18:15:13 2021       ;
; Quartus Prime Version           ; 18.1.1 Build 646 04/11/2019 SJ Lite Edition ;
; Revision Name                   ; VSCPU                                       ;
; Top-level Entity Name           ; VSCPU                                       ;
; Family                          ; Cyclone V                                   ;
; Logic utilization (in ALMs)     ; N/A                                         ;
; Total registers                 ; 301                                         ;
; Total pins                      ; 326                                         ;
; Total virtual pins              ; 0                                           ;
; Total block memory bits         ; 0                                           ;
; Total DSP Blocks                ; 0                                           ;
; Total HSSI RX PCSs              ; 0                                           ;
; Total HSSI PMA RX Deserializers ; 0                                           ;
; Total HSSI TX PCSs              ; 0                                           ;
; Total HSSI PMA TX Serializers   ; 0                                           ;
; Total PLLs                      ; 0                                           ;
; Total DLLs                      ; 0                                           ;
+---------------------------------+---------------------------------------------+


+---------------------------------------------------------------------------------------------------------------------------+
; Analysis & Synthesis Settings                                                                                             ;
+---------------------------------------------------------------------------------+--------------------+--------------------+
; Option                                                                          ; Setting            ; Default Value      ;
+---------------------------------------------------------------------------------+--------------------+--------------------+
; Device                                                                          ; 5CGXFC7C7F23C8     ;                    ;
; Top-level entity name                                                           ; VSCPU              ; VSCPU              ;
; Family name                                                                     ; Cyclone V          ; Cyclone V          ;
; Use smart compilation                                                           ; Off                ; Off                ;
; Enable parallel Assembler and Timing Analyzer during compilation                ; On                 ; On                 ;
; Enable compact report table                                                     ; Off                ; Off                ;
; Restructure Multiplexers                                                        ; Auto               ; Auto               ;
; MLAB Add Timing Constraints For Mixed-Port Feed-Through Mode Setting Don't Care ; Off                ; Off                ;
; Create Debugging Nodes for IP Cores                                             ; Off                ; Off                ;
; Preserve fewer node names                                                       ; On                 ; On                 ;
; Intel FPGA IP Evaluation Mode                                                   ; Enable             ; Enable             ;
; Verilog Version                                                                 ; Verilog_2001       ; Verilog_2001       ;
; VHDL Version                                                                    ; VHDL_1993          ; VHDL_1993          ;
; State Machine Processing                                                        ; Auto               ; Auto               ;
; Safe State Machine                                                              ; Off                ; Off                ;
; Extract Verilog State Machines                                                  ; On                 ; On                 ;
; Extract VHDL State Machines                                                     ; On                 ; On                 ;
; Ignore Verilog initial constructs                                               ; Off                ; Off                ;
; Iteration limit for constant Verilog loops                                      ; 5000               ; 5000               ;
; Iteration limit for non-constant Verilog loops                                  ; 250                ; 250                ;
; Add Pass-Through Logic to Inferred RAMs                                         ; On                 ; On                 ;
; Infer RAMs from Raw Logic                                                       ; On                 ; On                 ;
; Parallel Synthesis                                                              ; On                 ; On                 ;
; DSP Block Balancing                                                             ; Auto               ; Auto               ;
; NOT Gate Push-Back                                                              ; On                 ; On                 ;
; Power-Up Don't Care                                                             ; On                 ; On                 ;
; Remove Redundant Logic Cells                                                    ; Off                ; Off                ;
; Remove Duplicate Registers                                                      ; On                 ; On                 ;
; Ignore CARRY Buffers                                                            ; Off                ; Off                ;
; Ignore CASCADE Buffers                                                          ; Off                ; Off                ;
; Ignore GLOBAL Buffers                                                           ; Off                ; Off                ;
; Ignore ROW GLOBAL Buffers                                                       ; Off                ; Off                ;
; Ignore LCELL Buffers                                                            ; Off                ; Off                ;
; Ignore SOFT Buffers                                                             ; On                 ; On                 ;
; Limit AHDL Integers to 32 Bits                                                  ; Off                ; Off                ;
; Optimization Technique                                                          ; Balanced           ; Balanced           ;
; Carry Chain Length                                                              ; 70                 ; 70                 ;
; Auto Carry Chains                                                               ; On                 ; On                 ;
; Auto Open-Drain Pins                                                            ; On                 ; On                 ;
; Perform WYSIWYG Primitive Resynthesis                                           ; Off                ; Off                ;
; Auto ROM Replacement                                                            ; On                 ; On                 ;
; Auto RAM Replacement                                                            ; On                 ; On                 ;
; Auto DSP Block Replacement                                                      ; On                 ; On                 ;
; Auto Shift Register Replacement                                                 ; Auto               ; Auto               ;
; Allow Shift Register Merging across Hierarchies                                 ; Auto               ; Auto               ;
; Auto Clock Enable Replacement                                                   ; On                 ; On                 ;
; Strict RAM Replacement                                                          ; Off                ; Off                ;
; Allow Synchronous Control Signals                                               ; On                 ; On                 ;
; Force Use of Synchronous Clear Signals                                          ; Off                ; Off                ;
; Auto Resource Sharing                                                           ; Off                ; Off                ;
; Allow Any RAM Size For Recognition                                              ; Off                ; Off                ;
; Allow Any ROM Size For Recognition                                              ; Off                ; Off                ;
; Allow Any Shift Register Size For Recognition                                   ; Off                ; Off                ;
; Use LogicLock Constraints during Resource Balancing                             ; On                 ; On                 ;
; Ignore translate_off and synthesis_off directives                               ; Off                ; Off                ;
; Timing-Driven Synthesis                                                         ; On                 ; On                 ;
; Report Parameter Settings                                                       ; On                 ; On                 ;
; Report Source Assignments                                                       ; On                 ; On                 ;
; Report Connectivity Checks                                                      ; On                 ; On                 ;
; Ignore Maximum Fan-Out Assignments                                              ; Off                ; Off                ;
; Synchronization Register Chain Length                                           ; 3                  ; 3                  ;
; Power Optimization During Synthesis                                             ; Normal compilation ; Normal compilation ;
; HDL message level                                                               ; Level2             ; Level2             ;
; Suppress Register Optimization Related Messages                                 ; Off                ; Off                ;
; Number of Removed Registers Reported in Synthesis Report                        ; 5000               ; 5000               ;
; Number of Swept Nodes Reported in Synthesis Report                              ; 5000               ; 5000               ;
; Number of Inverted Registers Reported in Synthesis Report                       ; 100                ; 100                ;
; Clock MUX Protection                                                            ; On                 ; On                 ;
; Auto Gated Clock Conversion                                                     ; Off                ; Off                ;
; Block Design Naming                                                             ; Auto               ; Auto               ;
; SDC constraint protection                                                       ; Off                ; Off                ;
; Synthesis Effort                                                                ; Auto               ; Auto               ;
; Shift Register Replacement - Allow Asynchronous Clear Signal                    ; On                 ; On                 ;
; Pre-Mapping Resynthesis Optimization                                            ; Off                ; Off                ;
; Analysis & Synthesis Message Level                                              ; Medium             ; Medium             ;
; Disable Register Merging Across Hierarchies                                     ; Auto               ; Auto               ;
; Resource Aware Inference For Block RAM                                          ; On                 ; On                 ;
; Automatic Parallel Synthesis                                                    ; On                 ; On                 ;
; Partial Reconfiguration Bitstream ID                                            ; Off                ; Off                ;
+---------------------------------------------------------------------------------+--------------------+--------------------+


+------------------------------------------+
; Parallel Compilation                     ;
+----------------------------+-------------+
; Processors                 ; Number      ;
+----------------------------+-------------+
; Number detected on machine ; 8           ;
; Maximum allowed            ; 4           ;
;                            ;             ;
; Average used               ; 1.00        ;
; Maximum used               ; 4           ;
;                            ;             ;
; Usage by Processor         ; % Time Used ;
;     Processor 1            ; 100.0%      ;
;     Processors 2-4         ;   0.0%      ;
+----------------------------+-------------+


+---------------------------------------------------------------------------------------------------------------------------------------------+
; Analysis & Synthesis Source Files Read                                                                                                      ;
+----------------------------------+-----------------+-----------------+------------------------------------------------------------+---------+
; File Name with User-Entered Path ; Used in Netlist ; File Type       ; File Name with Absolute Path                               ; Library ;
+----------------------------------+-----------------+-----------------+------------------------------------------------------------+---------+
; VSCPU.vhd                        ; yes             ; User VHDL File  ; C:/intelFPGA_lite/18.1/project files/EVSCPU/VSCPU.vhd      ;         ;
; my_package.vhd                   ; yes             ; User VHDL File  ; C:/intelFPGA_lite/18.1/project files/EVSCPU/my_package.vhd ;         ;
+----------------------------------+-----------------+-----------------+------------------------------------------------------------+---------+


+-----------------------------------------------------------+
; Analysis & Synthesis Resource Usage Summary               ;
+---------------------------------------------+-------------+
; Resource                                    ; Usage       ;
+---------------------------------------------+-------------+
; Estimate of Logic utilization (ALMs needed) ; 343         ;
;                                             ;             ;
; Combinational ALUT usage for logic          ; 272         ;
;     -- 7 input functions                    ; 0           ;
;     -- 6 input functions                    ; 157         ;
;     -- 5 input functions                    ; 34          ;
;     -- 4 input functions                    ; 12          ;
;     -- <=3 input functions                  ; 69          ;
;                                             ;             ;
; Dedicated logic registers                   ; 301         ;
;                                             ;             ;
; I/O pins                                    ; 326         ;
;                                             ;             ;
; Total DSP Blocks                            ; 0           ;
;                                             ;             ;
; Maximum fan-out node                        ; reset~input ;
; Maximum fan-out                             ; 320         ;
; Total fan-out                               ; 3671        ;
; Average fan-out                             ; 3.00        ;
+---------------------------------------------+-------------+


+----------------------------------------------------------------------------------------------------------------------------------------------------------------------------------------+
; Analysis & Synthesis Resource Utilization by Entity                                                                                                                                    ;
+----------------------------+---------------------+---------------------------+-------------------+------------+------+--------------+---------------------+-------------+--------------+
; Compilation Hierarchy Node ; Combinational ALUTs ; Dedicated Logic Registers ; Block Memory Bits ; DSP Blocks ; Pins ; Virtual Pins ; Full Hierarchy Name ; Entity Name ; Library Name ;
+----------------------------+---------------------+---------------------------+-------------------+------------+------+--------------+---------------------+-------------+--------------+
; |VSCPU                     ; 272 (272)           ; 301 (301)                 ; 0                 ; 0          ; 326  ; 0            ; |VSCPU              ; VSCPU       ; work         ;
+----------------------------+---------------------+---------------------------+-------------------+------------+------+--------------+---------------------+-------------+--------------+
Note: For table entries with two numbers listed, the numbers in parentheses indicate the number of resources of the given type used by the specific entity alone. The numbers listed outside of parentheses indicate the total resources of the given type used by the specific entity and all of its sub-entities in the hierarchy.


Encoding Type:  One-Hot
+----------------------------------------------------------------------------------------------------------------------------------------------------------------------------------------------------------------------------------------------------------------------------------------------------------------------------------------------+
; State Machine - |VSCPU|stvar_ff                                                                                                                                                                                                                                                                                                              ;
+--------------------+-------------------+------------------+------------------+--------------------+-------------------+-------------------+------------------+------------------+------------------+------------------+------------------+------------------+--------------------+--------------------+--------------------+-----------------+
; Name               ; stvar_ff.ST_CJMP1 ; stvar_ff.ST_SUB2 ; stvar_ff.ST_SUB1 ; stvar_ff.ST_STORE1 ; stvar_ff.ST_LOAD2 ; stvar_ff.ST_LOAD1 ; stvar_ff.ST_JMP1 ; stvar_ff.ST_INC1 ; stvar_ff.ST_AND2 ; stvar_ff.ST_AND1 ; stvar_ff.ST_ADD2 ; stvar_ff.ST_ADD1 ; stvar_ff.ST_FETCH3 ; stvar_ff.ST_FETCH2 ; stvar_ff.ST_FETCH1 ; stvar_ff.sthalt ;
+--------------------+-------------------+------------------+------------------+--------------------+-------------------+-------------------+------------------+------------------+------------------+------------------+------------------+------------------+--------------------+--------------------+--------------------+-----------------+
; stvar_ff.sthalt    ; 0                 ; 0                ; 0                ; 0                  ; 0                 ; 0                 ; 0                ; 0                ; 0                ; 0                ; 0                ; 0                ; 0                  ; 0                  ; 0                  ; 0               ;
; stvar_ff.ST_FETCH1 ; 0                 ; 0                ; 0                ; 0                  ; 0                 ; 0                 ; 0                ; 0                ; 0                ; 0                ; 0                ; 0                ; 0                  ; 0                  ; 1                  ; 1               ;
; stvar_ff.ST_FETCH2 ; 0                 ; 0                ; 0                ; 0                  ; 0                 ; 0                 ; 0                ; 0                ; 0                ; 0                ; 0                ; 0                ; 0                  ; 1                  ; 0                  ; 1               ;
; stvar_ff.ST_FETCH3 ; 0                 ; 0                ; 0                ; 0                  ; 0                 ; 0                 ; 0                ; 0                ; 0                ; 0                ; 0                ; 0                ; 1                  ; 0                  ; 0                  ; 1               ;
; stvar_ff.ST_ADD1   ; 0                 ; 0                ; 0                ; 0                  ; 0                 ; 0                 ; 0                ; 0                ; 0                ; 0                ; 0                ; 1                ; 0                  ; 0                  ; 0                  ; 1               ;
; stvar_ff.ST_ADD2   ; 0                 ; 0                ; 0                ; 0                  ; 0                 ; 0                 ; 0                ; 0                ; 0                ; 0                ; 1                ; 0                ; 0                  ; 0                  ; 0                  ; 1               ;
; stvar_ff.ST_AND1   ; 0                 ; 0                ; 0                ; 0                  ; 0                 ; 0                 ; 0                ; 0                ; 0                ; 1                ; 0                ; 0                ; 0                  ; 0                  ; 0                  ; 1               ;
; stvar_ff.ST_AND2   ; 0                 ; 0                ; 0                ; 0                  ; 0                 ; 0                 ; 0                ; 0                ; 1                ; 0                ; 0                ; 0                ; 0                  ; 0                  ; 0                  ; 1               ;
; stvar_ff.ST_INC1   ; 0                 ; 0                ; 0                ; 0                  ; 0                 ; 0                 ; 0                ; 1                ; 0                ; 0                ; 0                ; 0                ; 0                  ; 0                  ; 0                  ; 1               ;
; stvar_ff.ST_JMP1   ; 0                 ; 0                ; 0                ; 0                  ; 0                 ; 0                 ; 1                ; 0                ; 0                ; 0                ; 0                ; 0                ; 0                  ; 0                  ; 0                  ; 1               ;
; stvar_ff.ST_LOAD1  ; 0                 ; 0                ; 0                ; 0                  ; 0                 ; 1                 ; 0                ; 0                ; 0                ; 0                ; 0                ; 0                ; 0                  ; 0                  ; 0                  ; 1               ;
; stvar_ff.ST_LOAD2  ; 0                 ; 0                ; 0                ; 0                  ; 1                 ; 0                 ; 0                ; 0                ; 0                ; 0                ; 0                ; 0                ; 0                  ; 0                  ; 0                  ; 1               ;
; stvar_ff.ST_STORE1 ; 0                 ; 0                ; 0                ; 1                  ; 0                 ; 0                 ; 0                ; 0                ; 0                ; 0                ; 0                ; 0                ; 0                  ; 0                  ; 0                  ; 1               ;
; stvar_ff.ST_SUB1   ; 0                 ; 0                ; 1                ; 0                  ; 0                 ; 0                 ; 0                ; 0                ; 0                ; 0                ; 0                ; 0                ; 0                  ; 0                  ; 0                  ; 1               ;
; stvar_ff.ST_SUB2   ; 0                 ; 1                ; 0                ; 0                  ; 0                 ; 0                 ; 0                ; 0                ; 0                ; 0                ; 0                ; 0                ; 0                  ; 0                  ; 0                  ; 1               ;
; stvar_ff.ST_CJMP1  ; 1                 ; 0                ; 0                ; 0                  ; 0                 ; 0                 ; 0                ; 0                ; 0                ; 0                ; 0                ; 0                ; 0                  ; 0                  ; 0                  ; 1               ;
+--------------------+-------------------+------------------+------------------+--------------------+-------------------+-------------------+------------------+------------------+------------------+------------------+------------------+------------------+--------------------+--------------------+--------------------+-----------------+


+------------------------------------------------------+
; General Register Statistics                          ;
+----------------------------------------------+-------+
; Statistic                                    ; Value ;
+----------------------------------------------+-------+
; Total registers                              ; 301   ;
; Number of registers using Synchronous Clear  ; 276   ;
; Number of registers using Synchronous Load   ; 257   ;
; Number of registers using Asynchronous Clear ; 0     ;
; Number of registers using Asynchronous Load  ; 0     ;
; Number of registers using Clock Enable       ; 276   ;
; Number of registers using Preset             ; 0     ;
+----------------------------------------------+-------+


+------------------------------------------------------------------------------------------------------------------------------------------+
; Multiplexer Restructuring Statistics (Restructuring Performed)                                                                           ;
+--------------------+-----------+---------------+----------------------+------------------------+------------+----------------------------+
; Multiplexer Inputs ; Bus Width ; Baseline Area ; Area if Restructured ; Saving if Restructured ; Registered ; Example Multiplexer Output ;
+--------------------+-----------+---------------+----------------------+------------------------+------------+----------------------------+
; 3:1                ; 3 bits    ; 6 LEs         ; 3 LEs                ; 3 LEs                  ; Yes        ; |VSCPU|IR_ff[0]            ;
; 4:1                ; 8 bits    ; 16 LEs        ; 0 LEs                ; 16 LEs                 ; Yes        ; |VSCPU|mem[0][1]           ;
; 4:1                ; 8 bits    ; 16 LEs        ; 0 LEs                ; 16 LEs                 ; Yes        ; |VSCPU|mem[1][6]           ;
; 4:1                ; 8 bits    ; 16 LEs        ; 0 LEs                ; 16 LEs                 ; Yes        ; |VSCPU|mem[2][6]           ;
; 4:1                ; 8 bits    ; 16 LEs        ; 0 LEs                ; 16 LEs                 ; Yes        ; |VSCPU|mem[3][0]           ;
; 4:1                ; 8 bits    ; 16 LEs        ; 0 LEs                ; 16 LEs                 ; Yes        ; |VSCPU|mem[4][0]           ;
; 4:1                ; 8 bits    ; 16 LEs        ; 0 LEs                ; 16 LEs                 ; Yes        ; |VSCPU|mem[5][1]           ;
; 4:1                ; 8 bits    ; 16 LEs        ; 0 LEs                ; 16 LEs                 ; Yes        ; |VSCPU|mem[6][2]           ;
; 4:1                ; 8 bits    ; 16 LEs        ; 0 LEs                ; 16 LEs                 ; Yes        ; |VSCPU|mem[7][1]           ;
; 4:1                ; 8 bits    ; 16 LEs        ; 0 LEs                ; 16 LEs                 ; Yes        ; |VSCPU|mem[8][2]           ;
; 4:1                ; 8 bits    ; 16 LEs        ; 0 LEs                ; 16 LEs                 ; Yes        ; |VSCPU|mem[9][1]           ;
; 4:1                ; 8 bits    ; 16 LEs        ; 0 LEs                ; 16 LEs                 ; Yes        ; |VSCPU|mem[10][0]          ;
; 4:1                ; 8 bits    ; 16 LEs        ; 0 LEs                ; 16 LEs                 ; Yes        ; |VSCPU|mem[11][2]          ;
; 4:1                ; 8 bits    ; 16 LEs        ; 0 LEs                ; 16 LEs                 ; Yes        ; |VSCPU|mem[12][0]          ;
; 4:1                ; 8 bits    ; 16 LEs        ; 0 LEs                ; 16 LEs                 ; Yes        ; |VSCPU|mem[13][2]          ;
; 4:1                ; 8 bits    ; 16 LEs        ; 0 LEs                ; 16 LEs                 ; Yes        ; |VSCPU|mem[14][4]          ;
; 4:1                ; 8 bits    ; 16 LEs        ; 0 LEs                ; 16 LEs                 ; Yes        ; |VSCPU|mem[15][0]          ;
; 4:1                ; 8 bits    ; 16 LEs        ; 0 LEs                ; 16 LEs                 ; Yes        ; |VSCPU|mem[16][0]          ;
; 4:1                ; 8 bits    ; 16 LEs        ; 0 LEs                ; 16 LEs                 ; Yes        ; |VSCPU|mem[17][0]          ;
; 4:1                ; 8 bits    ; 16 LEs        ; 0 LEs                ; 16 LEs                 ; Yes        ; |VSCPU|mem[18][5]          ;
; 4:1                ; 8 bits    ; 16 LEs        ; 0 LEs                ; 16 LEs                 ; Yes        ; |VSCPU|mem[19][0]          ;
; 4:1                ; 8 bits    ; 16 LEs        ; 0 LEs                ; 16 LEs                 ; Yes        ; |VSCPU|mem[20][0]          ;
; 4:1                ; 8 bits    ; 16 LEs        ; 0 LEs                ; 16 LEs                 ; Yes        ; |VSCPU|mem[21][0]          ;
; 4:1                ; 8 bits    ; 16 LEs        ; 0 LEs                ; 16 LEs                 ; Yes        ; |VSCPU|mem[22][0]          ;
; 4:1                ; 8 bits    ; 16 LEs        ; 0 LEs                ; 16 LEs                 ; Yes        ; |VSCPU|mem[23][0]          ;
; 4:1                ; 8 bits    ; 16 LEs        ; 0 LEs                ; 16 LEs                 ; Yes        ; |VSCPU|mem[24][0]          ;
; 4:1                ; 8 bits    ; 16 LEs        ; 0 LEs                ; 16 LEs                 ; Yes        ; |VSCPU|mem[25][0]          ;
; 4:1                ; 8 bits    ; 16 LEs        ; 0 LEs                ; 16 LEs                 ; Yes        ; |VSCPU|mem[26][0]          ;
; 4:1                ; 8 bits    ; 16 LEs        ; 0 LEs                ; 16 LEs                 ; Yes        ; |VSCPU|mem[27][0]          ;
; 4:1                ; 8 bits    ; 16 LEs        ; 0 LEs                ; 16 LEs                 ; Yes        ; |VSCPU|mem[28][3]          ;
; 4:1                ; 8 bits    ; 16 LEs        ; 0 LEs                ; 16 LEs                 ; Yes        ; |VSCPU|mem[29][7]          ;
; 4:1                ; 8 bits    ; 16 LEs        ; 0 LEs                ; 16 LEs                 ; Yes        ; |VSCPU|mem[30][7]          ;
; 4:1                ; 8 bits    ; 16 LEs        ; 0 LEs                ; 16 LEs                 ; Yes        ; |VSCPU|mem[31][4]          ;
; 5:1                ; 5 bits    ; 15 LEs        ; 10 LEs               ; 5 LEs                  ; Yes        ; |VSCPU|AR_ff[3]            ;
; 6:1                ; 4 bits    ; 16 LEs        ; 8 LEs                ; 8 LEs                  ; Yes        ; |VSCPU|PC_ff[1]            ;
; 7:1                ; 8 bits    ; 32 LEs        ; 16 LEs               ; 16 LEs                 ; Yes        ; |VSCPU|AC_ff[0]            ;
; 3:1                ; 8 bits    ; 16 LEs        ; 16 LEs               ; 0 LEs                  ; No         ; |VSCPU|stvar_ff            ;
; 4:1                ; 8 bits    ; 16 LEs        ; 16 LEs               ; 0 LEs                  ; No         ; |VSCPU|stvar_ff            ;
; 32:1               ; 8 bits    ; 168 LEs       ; 168 LEs              ; 0 LEs                  ; No         ; |VSCPU|Mux6                ;
+--------------------+-----------+---------------+----------------------+------------------------+------------+----------------------------+


+-----------------------------------------------------------------------+
; Parameter Settings for User Entity Instance: Top-level Entity: |VSCPU ;
+----------------+-------+----------------------------------------------+
; Parameter Name ; Value ; Type                                         ;
+----------------+-------+----------------------------------------------+
; VSCPU_A_WIDTH  ; 5     ; Signed Integer                               ;
; VSCPU_D_WIDTH  ; 8     ; Signed Integer                               ;
; MEMSIZE        ; 31    ; Signed Integer                               ;
; PC_STARTS_AT   ; 00001 ; Unsigned Binary                              ;
+----------------+-------+----------------------------------------------+
Note: In order to hide this table in the UI and the text report file, please set the "Show Parameter Settings in Synthesis Report" option in "Analysis and Synthesis Settings -> More Settings" to "Off".


+-----------------------------------------------------+
; Post-Synthesis Netlist Statistics for Top Partition ;
+-----------------------+-----------------------------+
; Type                  ; Count                       ;
+-----------------------+-----------------------------+
; arriav_ff             ; 301                         ;
;     ENA               ; 8                           ;
;     ENA SCLR          ; 12                          ;
;     ENA SCLR SLD      ; 256                         ;
;     SCLR              ; 8                           ;
;     SLD               ; 1                           ;
;     plain             ; 16                          ;
; arriav_io_obuf        ; 8                           ;
; arriav_lcell_comb     ; 273                         ;
;     arith             ; 9                           ;
;         1 data inputs ; 1                           ;
;         5 data inputs ; 8                           ;
;     normal            ; 264                         ;
;         1 data inputs ; 1                           ;
;         2 data inputs ; 12                          ;
;         3 data inputs ; 56                          ;
;         4 data inputs ; 12                          ;
;         5 data inputs ; 26                          ;
;         6 data inputs ; 157                         ;
; boundary_port         ; 326                         ;
;                       ;                             ;
; Max LUT depth         ; 5.00                        ;
; Average LUT depth     ; 3.67                        ;
+-----------------------+-----------------------------+


+-------------------------------+
; Elapsed Time Per Partition    ;
+----------------+--------------+
; Partition Name ; Elapsed Time ;
+----------------+--------------+
; Top            ; 00:00:00     ;
+----------------+--------------+


+-------------------------------+
; Analysis & Synthesis Messages ;
+-------------------------------+
Info: *******************************************************************
Info: Running Quartus Prime Analysis & Synthesis
    Info: Version 18.1.1 Build 646 04/11/2019 SJ Lite Edition
    Info: Processing started: Tue Nov 23 18:15:02 2021
Info: Command: quartus_map --read_settings_files=on --write_settings_files=off EVSCPU -c VSCPU
Warning (18236): Number of processors has not been specified which may cause overloading on shared machines.  Set the global assignment NUM_PARALLEL_PROCESSORS in your QSF to an appropriate value for best performance.
Info (20030): Parallel compilation is enabled and will use 4 of the 4 processors detected
Info (12021): Found 2 design units, including 1 entities, in source file vscpu.vhd
    Info (12022): Found design unit 1: VSCPU-behave File: C:/intelFPGA_lite/18.1/project files/EVSCPU/VSCPU.vhd Line: 25
    Info (12023): Found entity 1: VSCPU File: C:/intelFPGA_lite/18.1/project files/EVSCPU/VSCPU.vhd Line: 5
Info (12021): Found 1 design units, including 0 entities, in source file my_package.vhd
    Info (12022): Found design unit 1: my_package File: C:/intelFPGA_lite/18.1/project files/EVSCPU/my_package.vhd Line: 4
Info (12021): Found 2 design units, including 1 entities, in source file vscputb.vhd
    Info (12022): Found design unit 1: vscputb-stim File: C:/intelFPGA_lite/18.1/project files/EVSCPU/vscputb.vhd Line: 8
    Info (12023): Found entity 1: vscputb File: C:/intelFPGA_lite/18.1/project files/EVSCPU/vscputb.vhd Line: 7
Info (12127): Elaborating entity "VSCPU" for the top level hierarchy
Warning (10492): VHDL Process Statement warning at VSCPU.vhd(134): signal "IR_ff" is read inside the Process Statement but isn't in the Process Statement's sensitivity list File: C:/intelFPGA_lite/18.1/project files/EVSCPU/VSCPU.vhd Line: 134
Info (10635): VHDL Report Statement at VSCPU.vhd(228): "clk='.'" (NOTE) File: C:/intelFPGA_lite/18.1/project files/EVSCPU/VSCPU.vhd Line: 228
Warning (10492): VHDL Process Statement warning at VSCPU.vhd(229): signal "reset" is read inside the Process Statement but isn't in the Process Statement's sensitivity list File: C:/intelFPGA_lite/18.1/project files/EVSCPU/VSCPU.vhd Line: 229
Info (10635): VHDL Report Statement at VSCPU.vhd(229): "rst='.'" (NOTE) File: C:/intelFPGA_lite/18.1/project files/EVSCPU/VSCPU.vhd Line: 229
Warning (10492): VHDL Process Statement warning at VSCPU.vhd(230): signal "start" is read inside the Process Statement but isn't in the Process Statement's sensitivity list File: C:/intelFPGA_lite/18.1/project files/EVSCPU/VSCPU.vhd Line: 230
Info (10635): VHDL Report Statement at VSCPU.vhd(230): "start='.'" (NOTE) File: C:/intelFPGA_lite/18.1/project files/EVSCPU/VSCPU.vhd Line: 230
Warning (10492): VHDL Process Statement warning at VSCPU.vhd(231): signal "rite" is read inside the Process Statement but isn't in the Process Statement's sensitivity list File: C:/intelFPGA_lite/18.1/project files/EVSCPU/VSCPU.vhd Line: 231
Info (10635): VHDL Report Statement at VSCPU.vhd(231): "write='.'" (NOTE) File: C:/intelFPGA_lite/18.1/project files/EVSCPU/VSCPU.vhd Line: 231
Warning (10492): VHDL Process Statement warning at VSCPU.vhd(232): signal "PC_ff" is read inside the Process Statement but isn't in the Process Statement's sensitivity list File: C:/intelFPGA_lite/18.1/project files/EVSCPU/VSCPU.vhd Line: 232
Info (10635): VHDL Report Statement at VSCPU.vhd(232): "pc=0" (NOTE) File: C:/intelFPGA_lite/18.1/project files/EVSCPU/VSCPU.vhd Line: 232
Warning (10492): VHDL Process Statement warning at VSCPU.vhd(233): signal "stvar_ff" is read inside the Process Statement but isn't in the Process Statement's sensitivity list File: C:/intelFPGA_lite/18.1/project files/EVSCPU/VSCPU.vhd Line: 233
Info (10635): VHDL Report Statement at VSCPU.vhd(233): "cstate=0" (NOTE) File: C:/intelFPGA_lite/18.1/project files/EVSCPU/VSCPU.vhd Line: 233
Warning (10492): VHDL Process Statement warning at VSCPU.vhd(234): signal "AC_ff" is read inside the Process Statement but isn't in the Process Statement's sensitivity list File: C:/intelFPGA_lite/18.1/project files/EVSCPU/VSCPU.vhd Line: 234
Info (10635): VHDL Report Statement at VSCPU.vhd(234): "ac=0" (NOTE) File: C:/intelFPGA_lite/18.1/project files/EVSCPU/VSCPU.vhd Line: 234
Warning (10492): VHDL Process Statement warning at VSCPU.vhd(235): signal "IR_ff" is read inside the Process Statement but isn't in the Process Statement's sensitivity list File: C:/intelFPGA_lite/18.1/project files/EVSCPU/VSCPU.vhd Line: 235
Info (10635): VHDL Report Statement at VSCPU.vhd(235): "ir=0" (NOTE) File: C:/intelFPGA_lite/18.1/project files/EVSCPU/VSCPU.vhd Line: 235
Warning (10492): VHDL Process Statement warning at VSCPU.vhd(236): signal "DR_ff" is read inside the Process Statement but isn't in the Process Statement's sensitivity list File: C:/intelFPGA_lite/18.1/project files/EVSCPU/VSCPU.vhd Line: 236
Info (10635): VHDL Report Statement at VSCPU.vhd(236): "dr=0" (NOTE) File: C:/intelFPGA_lite/18.1/project files/EVSCPU/VSCPU.vhd Line: 236
Warning (10492): VHDL Process Statement warning at VSCPU.vhd(237): signal "AR_ff" is read inside the Process Statement but isn't in the Process Statement's sensitivity list File: C:/intelFPGA_lite/18.1/project files/EVSCPU/VSCPU.vhd Line: 237
Info (10635): VHDL Report Statement at VSCPU.vhd(237): "ar=0" (NOTE) File: C:/intelFPGA_lite/18.1/project files/EVSCPU/VSCPU.vhd Line: 237
Warning (10492): VHDL Process Statement warning at VSCPU.vhd(238): signal "data_rd" is read inside the Process Statement but isn't in the Process Statement's sensitivity list File: C:/intelFPGA_lite/18.1/project files/EVSCPU/VSCPU.vhd Line: 238
Info (10635): VHDL Report Statement at VSCPU.vhd(238): "data_rd=0" (NOTE) File: C:/intelFPGA_lite/18.1/project files/EVSCPU/VSCPU.vhd Line: 238
Warning (10492): VHDL Process Statement warning at VSCPU.vhd(239): signal "rid" is read inside the Process Statement but isn't in the Process Statement's sensitivity list File: C:/intelFPGA_lite/18.1/project files/EVSCPU/VSCPU.vhd Line: 239
Info (10635): VHDL Report Statement at VSCPU.vhd(239): "read='.'" (NOTE) File: C:/intelFPGA_lite/18.1/project files/EVSCPU/VSCPU.vhd Line: 239
Warning (10492): VHDL Process Statement warning at VSCPU.vhd(240): signal "address" is read inside the Process Statement but isn't in the Process Statement's sensitivity list File: C:/intelFPGA_lite/18.1/project files/EVSCPU/VSCPU.vhd Line: 240
Info (10635): VHDL Report Statement at VSCPU.vhd(240): "address=0" (NOTE) File: C:/intelFPGA_lite/18.1/project files/EVSCPU/VSCPU.vhd Line: 240
Warning (13046): Tri-state node(s) do not directly drive top-level pin(s)
    Warning (13047): Converted the fan-out from the tri-state buffer "data_rd[0]" to the node "DR_ns[0]" into an OR gate File: C:/intelFPGA_lite/18.1/project files/EVSCPU/VSCPU.vhd Line: 41
    Warning (13047): Converted the fan-out from the tri-state buffer "data_rd[1]" to the node "DR_ns[1]" into an OR gate File: C:/intelFPGA_lite/18.1/project files/EVSCPU/VSCPU.vhd Line: 41
    Warning (13047): Converted the fan-out from the tri-state buffer "data_rd[2]" to the node "DR_ns[2]" into an OR gate File: C:/intelFPGA_lite/18.1/project files/EVSCPU/VSCPU.vhd Line: 41
    Warning (13047): Converted the fan-out from the tri-state buffer "data_rd[3]" to the node "DR_ns[3]" into an OR gate File: C:/intelFPGA_lite/18.1/project files/EVSCPU/VSCPU.vhd Line: 41
    Warning (13047): Converted the fan-out from the tri-state buffer "data_rd[4]" to the node "DR_ns[4]" into an OR gate File: C:/intelFPGA_lite/18.1/project files/EVSCPU/VSCPU.vhd Line: 41
    Warning (13047): Converted the fan-out from the tri-state buffer "data_rd[5]" to the node "DR_ns[5]" into an OR gate File: C:/intelFPGA_lite/18.1/project files/EVSCPU/VSCPU.vhd Line: 41
    Warning (13047): Converted the fan-out from the tri-state buffer "data_rd[6]" to the node "DR_ns[6]" into an OR gate File: C:/intelFPGA_lite/18.1/project files/EVSCPU/VSCPU.vhd Line: 41
    Warning (13047): Converted the fan-out from the tri-state buffer "data_rd[7]" to the node "DR_ns[7]" into an OR gate File: C:/intelFPGA_lite/18.1/project files/EVSCPU/VSCPU.vhd Line: 41
Info (286030): Timing-Driven Synthesis is running
Info (16010): Generating hard_block partition "hard_block:auto_generated_inst"
    Info (16011): Adding 0 node(s), including 0 DDIO, 0 PLL, 0 transceiver and 0 LCELL
Info (21057): Implemented 862 device resources after synthesis - the final resource count might be different
    Info (21058): Implemented 17 input pins
    Info (21059): Implemented 309 output pins
    Info (21061): Implemented 536 logic cells
Info: Quartus Prime Analysis & Synthesis was successful. 0 errors, 23 warnings
    Info: Peak virtual memory: 4839 megabytes
    Info: Processing ended: Tue Nov 23 18:15:13 2021
    Info: Elapsed time: 00:00:11
    Info: Total CPU time (on all processors): 00:00:22


